
 -----------------------------------------------
      Restrained ESP Fit 2.3  Amber 4.1
 -----------------------------------------------
 Resp charges for organic molecule                                               
 -----------------------------------------------


 inopt       =     0   ioutopt     =     1
 nmol        =     1   iqopt       =     0
 ihfree      =     1   irstrnt     =     1
 iunits      =     0   qwt         =   0.00050000
 wtmol(1) =     1.000000
 subtitle:

Resp charges for organic molecule                                               
ich =   0  iuniq =  16
    1    6    0
    2    6    1
    3    6    0
    4    6    3
    5    6    0
    6    6    0
    7    1    0
    8    1    7
    9    1    0
   10    1    9
   11    7    0
   12    7    0
   13    1    0
   14    1   13
   15    8    0
   16    8   15

  ----------------------------------------------------------------------------
     ATOM                       COORDINATES                         CHARGE
                       X             Y                Z
  ----------------------------------------------------------------------------
  ----------------------------------------------------------------------------


 Charge on the molecule(ich) =    0
 Total number of atoms (iuniq)     =   16
 Weight factor on initial charge restraints(qwt)=     0.50000D-03


  there are  1 charge constraints:


     1       1
     2       1
     3       1
     4       1
     5       1
     6       1
     7       1
     8       1
     9       1
    10       1
    11       1
    12       1
    13       1
    14       1
    15       1
    16       1

 Reading esp"s for molecule   1
 total number of atoms      =    16
 total number of esp points =  5352


 center     X       Y       Z 
    1  -0.0000000E+00   0.2277719E+01  -0.4580696E-01
    2  -0.0000000E+00  -0.2277719E+01  -0.4580696E-01
    3   0.0000000E+00   0.2281001E+01   0.2551693E+01
    4  -0.0000000E+00  -0.2281001E+01   0.2551693E+01
    5   0.0000000E+00  -0.0000000E+00   0.3899053E+01
    6   0.0000000E+00   0.0000000E+00  -0.1342475E+01
    7  -0.0000000E+00   0.4019647E+01  -0.1077822E+01
    8  -0.0000000E+00  -0.4019647E+01  -0.1077822E+01
    9   0.0000000E+00   0.4044749E+01   0.3560185E+01
   10  -0.0000000E+00  -0.4044749E+01   0.3560185E+01
   11   0.0000000E+00   0.0000000E+00  -0.4068852E+01
   12   0.0000000E+00  -0.0000000E+00   0.6468165E+01
   13  -0.0000000E+00   0.1603434E+01   0.7439832E+01
   14  -0.0000000E+00  -0.1603434E+01   0.7439832E+01
   15   0.0000000E+00   0.1998172E+01  -0.5128106E+01
   16  -0.0000000E+00  -0.1998172E+01  -0.5128106E+01
 Initial ssvpot =     3.066


 Number of unique UNfrozen centers=   10

 Non-linear optimization requested.
 qchnge =    0.1196764160    
 qchnge =    0.1766003894E-02
 qchnge =    0.2872415984E-03
 qchnge =    0.5298835410E-04
 qchnge =    0.9865187209E-05
 qchnge =    0.1838434959E-05
 qchnge =    0.3426405430E-06

 Convergence in    6 iterations


Resp charges for organic molecule                                               

          Point Charges Before & After Optimization

    no.  At.no.    q(init)       q(opt)     ivary    d(rstr)/dq
    1   6       0.000000      -0.112157      0       0.003328
    2   6       0.000000      -0.112157      1       0.003328
    3   6       0.000000      -0.376587      0       0.001283
    4   6       0.000000      -0.376587      3       0.001283
    5   6       0.000000       0.632605      0       0.000781
    6   6       0.000000      -0.058028      0       0.004325
    7   1       0.000000       0.188922      0       0.000000
    8   1       0.000000       0.188922      7       0.000000
    9   1       0.000000       0.186410      0       0.000000
   10   1       0.000000       0.186410      9       0.000000
   11   7       0.000000       0.808580      0       0.000614
   12   7       0.000000      -1.092632      0       0.000456
   13   1       0.000000       0.455052      0       0.000000
   14   1       0.000000       0.455052     13       0.000000
   15   8       0.000000      -0.486902      0       0.001006
   16   8       0.000000      -0.486902     15       0.001006

 Sum over the calculated charges:     -0.000

        Statistics of the fitting:
  The initial sum of squares (ssvpot)                      3.066
  The residual sum of squares (chipot)                     0.008
  The std err of estimate (sqrt(chipot/N))               0.00124
  ESP relative RMS (SQRT(chipot/ssvpot))                 0.05165

 Center of Mass (Angst.):

 X  =   0.00000      Y  =   0.00000      Z  =   0.00000

 Dipole (Debye):

 X  =   0.00000      Y  =   0.00000      Z  =   7.52465

 Dipole Moment (Debye)=   7.52465

 Quadrupole (Debye*Angst.):

 Qxx = -10.47359     QYY =  12.01691     QZZ =  -1.54332
 Qxy = -10.47359     QXZ = -10.47359     QYZ = -10.47359
