
 -----------------------------------------------
      Restrained ESP Fit 2.3  Amber 4.1
 -----------------------------------------------
 Resp charges for organic molecule                                               
 -----------------------------------------------


 inopt       =     0   ioutopt     =     1
 nmol        =     1   iqopt       =     2
 ihfree      =     1   irstrnt     =     1
 iunits      =     0   qwt         =   0.00100000
 wtmol(1) =     1.000000
 subtitle:

Resp charges for organic molecule                                               
ich =   0  iuniq =  16
    1    6  -99
    2    6  -99
    3    6  -99
    4    6  -99
    5    6  -99
    6    6  -99
    7    1  -99
    8    1  -99
    9    1  -99
   10    1  -99
   11    7  -99
   12    7  -99
   13    1  -99
   14    1  -99
   15    8  -99
   16    8  -99
 new q0 values to be read  16

  ----------------------------------------------------------------------------
     ATOM                       COORDINATES                         CHARGE
                       X             Y                Z
  ----------------------------------------------------------------------------
  ----------------------------------------------------------------------------


 Charge on the molecule(ich) =    0
 Total number of atoms (iuniq)     =   16
 Weight factor on initial charge restraints(qwt)=     0.10000D-02


  there are  1 charge constraints:


     1       1
     2       1
     3       1
     4       1
     5       1
     6       1
     7       1
     8       1
     9       1
    10       1
    11       1
    12       1
    13       1
    14       1
    15       1
    16       1

 Reading esp"s for molecule   1
 total number of atoms      =    16
 total number of esp points =  5352


 center     X       Y       Z 
    1  -0.0000000E+00   0.2277719E+01  -0.4580696E-01
    2  -0.0000000E+00  -0.2277719E+01  -0.4580696E-01
    3   0.0000000E+00   0.2281001E+01   0.2551693E+01
    4  -0.0000000E+00  -0.2281001E+01   0.2551693E+01
    5   0.0000000E+00  -0.0000000E+00   0.3899053E+01
    6   0.0000000E+00   0.0000000E+00  -0.1342475E+01
    7  -0.0000000E+00   0.4019647E+01  -0.1077822E+01
    8  -0.0000000E+00  -0.4019647E+01  -0.1077822E+01
    9   0.0000000E+00   0.4044749E+01   0.3560185E+01
   10  -0.0000000E+00  -0.4044749E+01   0.3560185E+01
   11   0.0000000E+00   0.0000000E+00  -0.4068852E+01
   12   0.0000000E+00  -0.0000000E+00   0.6468165E+01
   13  -0.0000000E+00   0.1603434E+01   0.7439832E+01
   14  -0.0000000E+00  -0.1603434E+01   0.7439832E+01
   15   0.0000000E+00   0.1998172E+01  -0.5128106E+01
   16  -0.0000000E+00  -0.1998172E+01  -0.5128106E+01
 Initial ssvpot =     3.066


 Number of unique UNfrozen centers=    0
 ALL charges are frozen!!!

 Non-linear optimization requested.
 qchnge =    0.1184068849    
 qchnge =     0.000000000    
 qchnge =     0.000000000    

 Convergence in    2 iterations


Resp charges for organic molecule                                               

          Point Charges Before & After Optimization

    no.  At.no.    q(init)       q(opt)     ivary    d(rstr)/dq
    1   6      -0.112157      -0.112157    -99       0.006655
    2   6      -0.112157      -0.112157    -99       0.006655
    3   6      -0.376587      -0.376587    -99       0.002566
    4   6      -0.376587      -0.376587    -99       0.002566
    5   6       0.632605       0.632605    -99       0.001561
    6   6      -0.058028      -0.058028    -99       0.008649
    7   1       0.188922       0.188922    -99       0.000000
    8   1       0.188922       0.188922    -99       0.000000
    9   1       0.186410       0.186410    -99       0.000000
   10   1       0.186410       0.186410    -99       0.000000
   11   7       0.808580       0.808580    -99       0.001227
   12   7      -1.092632      -1.092632    -99       0.000911
   13   1       0.455052       0.455052    -99       0.000000
   14   1       0.455052       0.455052    -99       0.000000
   15   8      -0.486902      -0.486902    -99       0.002012
   16   8      -0.486902      -0.486902    -99       0.002012

 Sum over the calculated charges:      0.000

        Statistics of the fitting:
  The initial sum of squares (ssvpot)                      3.066
  The residual sum of squares (chipot)                     0.008
  The std err of estimate (sqrt(chipot/N))               0.00124
  ESP relative RMS (SQRT(chipot/ssvpot))                 0.05165

 Center of Mass (Angst.):

 X  =   0.00000      Y  =   0.00000      Z  =   0.00000

 Dipole (Debye):

 X  =   0.00000      Y  =   0.00000      Z  =   7.52464

 Dipole Moment (Debye)=   7.52464

 Quadrupole (Debye*Angst.):

 Qxx = -10.47359     QYY =  12.01691     QZZ =  -1.54332
 Qxy = -10.47359     QXZ = -10.47359     QYZ = -10.47359
